// Jest Snapshot v1, https://goo.gl/fbAQLP

exports[`ContentLoader should render 15 items by default 1`] = `
<div
  className="loader "
  data-baseweb="flex-grid"
  data-testid="loader"
>
  <div
    className=""
    data-baseweb="flex-grid-item"
  >
    <div
      className=""
      testid="loader"
    />
  </div>
  <div
    className=""
    data-baseweb="flex-grid-item"
  >
    <div
      className=""
      testid="loader"
    />
  </div>
  <div
    className=""
    data-baseweb="flex-grid-item"
  >
    <div
      className=""
      testid="loader"
    />
  </div>
  <div
    className=""
    data-baseweb="flex-grid-item"
  >
    <div
      className=""
      testid="loader"
    />
  </div>
  <div
    className=""
    data-baseweb="flex-grid-item"
  >
    <div
      className=""
      testid="loader"
    />
  </div>
  <div
    className=""
    data-baseweb="flex-grid-item"
  >
    <div
      className=""
      testid="loader"
    />
  </div>
  <div
    className=""
    data-baseweb="flex-grid-item"
  >
    <div
      className=""
      testid="loader"
    />
  </div>
  <div
    className=""
    data-baseweb="flex-grid-item"
  >
    <div
      className=""
      testid="loader"
    />
  </div>
  <div
    className=""
    data-baseweb="flex-grid-item"
  >
    <div
      className=""
      testid="loader"
    />
  </div>
  <div
    className=""
    data-baseweb="flex-grid-item"
  >
    <div
      className=""
      testid="loader"
    />
  </div>
  <div
    className=""
    data-baseweb="flex-grid-item"
  >
    <div
      className=""
      testid="loader"
    />
  </div>
  <div
    className=""
    data-baseweb="flex-grid-item"
  >
    <div
      className=""
      testid="loader"
    />
  </div>
  <div
    className=""
    data-baseweb="flex-grid-item"
  >
    <div
      className=""
      testid="loader"
    />
  </div>
  <div
    className=""
    data-baseweb="flex-grid-item"
  >
    <div
      className=""
      testid="loader"
    />
  </div>
  <div
    className=""
    data-baseweb="flex-grid-item"
  >
    <div
      className=""
      testid="loader"
    />
  </div>
</div>
`;

exports[`ContentLoader should render 15 items by default 2`] = `
<div
  className="loader "
  data-baseweb="flex-grid"
  data-testid="loader"
>
  <div
    className=""
    data-baseweb="flex-grid-item"
  >
    <div
      className=""
      testid="loader"
    />
  </div>
  <div
    className=""
    data-baseweb="flex-grid-item"
  >
    <div
      className=""
      testid="loader"
    />
  </div>
  <div
    className=""
    data-baseweb="flex-grid-item"
  >
    <div
      className=""
      testid="loader"
    />
  </div>
  <div
    className=""
    data-baseweb="flex-grid-item"
  >
    <div
      className=""
      testid="loader"
    />
  </div>
  <div
    className=""
    data-baseweb="flex-grid-item"
  >
    <div
      className=""
      testid="loader"
    />
  </div>
  <div
    className=""
    data-baseweb="flex-grid-item"
  >
    <div
      className=""
      testid="loader"
    />
  </div>
  <div
    className=""
    data-baseweb="flex-grid-item"
  >
    <div
      className=""
      testid="loader"
    />
  </div>
  <div
    className=""
    data-baseweb="flex-grid-item"
  >
    <div
      className=""
      testid="loader"
    />
  </div>
  <div
    className=""
    data-baseweb="flex-grid-item"
  >
    <div
      className=""
      testid="loader"
    />
  </div>
  <div
    className=""
    data-baseweb="flex-grid-item"
  >
    <div
      className=""
      testid="loader"
    />
  </div>
  <div
    className=""
    data-baseweb="flex-grid-item"
  >
    <div
      className=""
      testid="loader"
    />
  </div>
  <div
    className=""
    data-baseweb="flex-grid-item"
  >
    <div
      className=""
      testid="loader"
    />
  </div>
  <div
    className=""
    data-baseweb="flex-grid-item"
  >
    <div
      className=""
      testid="loader"
    />
  </div>
  <div
    className=""
    data-baseweb="flex-grid-item"
  >
    <div
      className=""
      testid="loader"
    />
  </div>
  <div
    className=""
    data-baseweb="flex-grid-item"
  >
    <div
      className=""
      testid="loader"
    />
  </div>
</div>
`;

exports[`ContentLoader should render items by default 1`] = `
<div
  className="loader "
  data-baseweb="flex-grid"
  data-testid="loader"
>
  <div
    className=""
    data-baseweb="flex-grid-item"
  >
    <div
      className=""
      testid="loader"
    />
  </div>
  <div
    className=""
    data-baseweb="flex-grid-item"
  >
    <div
      className=""
      testid="loader"
    />
  </div>
  <div
    className=""
    data-baseweb="flex-grid-item"
  >
    <div
      className=""
      testid="loader"
    />
  </div>
  <div
    className=""
    data-baseweb="flex-grid-item"
  >
    <div
      className=""
      testid="loader"
    />
  </div>
  <div
    className=""
    data-baseweb="flex-grid-item"
  >
    <div
      className=""
      testid="loader"
    />
  </div>
  <div
    className=""
    data-baseweb="flex-grid-item"
  >
    <div
      className=""
      testid="loader"
    />
  </div>
  <div
    className=""
    data-baseweb="flex-grid-item"
  >
    <div
      className=""
      testid="loader"
    />
  </div>
  <div
    className=""
    data-baseweb="flex-grid-item"
  >
    <div
      className=""
      testid="loader"
    />
  </div>
  <div
    className=""
    data-baseweb="flex-grid-item"
  >
    <div
      className=""
      testid="loader"
    />
  </div>
  <div
    className=""
    data-baseweb="flex-grid-item"
  >
    <div
      className=""
      testid="loader"
    />
  </div>
  <div
    className=""
    data-baseweb="flex-grid-item"
  >
    <div
      className=""
      testid="loader"
    />
  </div>
  <div
    className=""
    data-baseweb="flex-grid-item"
  >
    <div
      className=""
      testid="loader"
    />
  </div>
  <div
    className=""
    data-baseweb="flex-grid-item"
  >
    <div
      className=""
      testid="loader"
    />
  </div>
  <div
    className=""
    data-baseweb="flex-grid-item"
  >
    <div
      className=""
      testid="loader"
    />
  </div>
  <div
    className=""
    data-baseweb="flex-grid-item"
  >
    <div
      className=""
      testid="loader"
    />
  </div>
</div>
`;

exports[`ContentLoader should render number items by provided contentLen 1`] = `
<div
  className="loader "
  data-baseweb="flex-grid"
  data-testid="loader"
>
  <div
    className=""
    data-baseweb="flex-grid-item"
  >
    <div
      className=""
      testid="loader"
    />
  </div>
  <div
    className=""
    data-baseweb="flex-grid-item"
  >
    <div
      className=""
      testid="loader"
    />
  </div>
  <div
    className=""
    data-baseweb="flex-grid-item"
  >
    <div
      className=""
      testid="loader"
    />
  </div>
  <div
    className=""
    data-baseweb="flex-grid-item"
  >
    <div
      className=""
      testid="loader"
    />
  </div>
  <div
    className=""
    data-baseweb="flex-grid-item"
  >
    <div
      className=""
      testid="loader"
    />
  </div>
  <div
    className=""
    data-baseweb="flex-grid-item"
  >
    <div
      className=""
      testid="loader"
    />
  </div>
  <div
    className=""
    data-baseweb="flex-grid-item"
  >
    <div
      className=""
      testid="loader"
    />
  </div>
  <div
    className=""
    data-baseweb="flex-grid-item"
  >
    <div
      className=""
      testid="loader"
    />
  </div>
  <div
    className=""
    data-baseweb="flex-grid-item"
  >
    <div
      className=""
      testid="loader"
    />
  </div>
  <div
    className=""
    data-baseweb="flex-grid-item"
  >
    <div
      className=""
      testid="loader"
    />
  </div>
  <div
    className=""
    data-baseweb="flex-grid-item"
  >
    <div
      className=""
      testid="loader"
    />
  </div>
  <div
    className=""
    data-baseweb="flex-grid-item"
  >
    <div
      className=""
      testid="loader"
    />
  </div>
  <div
    className=""
    data-baseweb="flex-grid-item"
  >
    <div
      className=""
      testid="loader"
    />
  </div>
  <div
    className=""
    data-baseweb="flex-grid-item"
  >
    <div
      className=""
      testid="loader"
    />
  </div>
  <div
    className=""
    data-baseweb="flex-grid-item"
  >
    <div
      className=""
      testid="loader"
    />
  </div>
</div>
`;

exports[`ContentLoader should render number items by provided contentLength 1`] = `
<div
  className="loader "
  data-baseweb="flex-grid"
  data-testid="loader"
>
  <div
    className=""
    data-baseweb="flex-grid-item"
  >
    <div
      className=""
      testid="loader"
    />
  </div>
  <div
    className=""
    data-baseweb="flex-grid-item"
  >
    <div
      className=""
      testid="loader"
    />
  </div>
  <div
    className=""
    data-baseweb="flex-grid-item"
  >
    <div
      className=""
      testid="loader"
    />
  </div>
  <div
    className=""
    data-baseweb="flex-grid-item"
  >
    <div
      className=""
      testid="loader"
    />
  </div>
  <div
    className=""
    data-baseweb="flex-grid-item"
  >
    <div
      className=""
      testid="loader"
    />
  </div>
  <div
    className=""
    data-baseweb="flex-grid-item"
  >
    <div
      className=""
      testid="loader"
    />
  </div>
  <div
    className=""
    data-baseweb="flex-grid-item"
  >
    <div
      className=""
      testid="loader"
    />
  </div>
  <div
    className=""
    data-baseweb="flex-grid-item"
  >
    <div
      className=""
      testid="loader"
    />
  </div>
  <div
    className=""
    data-baseweb="flex-grid-item"
  >
    <div
      className=""
      testid="loader"
    />
  </div>
  <div
    className=""
    data-baseweb="flex-grid-item"
  >
    <div
      className=""
      testid="loader"
    />
  </div>
  <div
    className=""
    data-baseweb="flex-grid-item"
  >
    <div
      className=""
      testid="loader"
    />
  </div>
  <div
    className=""
    data-baseweb="flex-grid-item"
  >
    <div
      className=""
      testid="loader"
    />
  </div>
  <div
    className=""
    data-baseweb="flex-grid-item"
  >
    <div
      className=""
      testid="loader"
    />
  </div>
  <div
    className=""
    data-baseweb="flex-grid-item"
  >
    <div
      className=""
      testid="loader"
    />
  </div>
  <div
    className=""
    data-baseweb="flex-grid-item"
  >
    <div
      className=""
      testid="loader"
    />
  </div>
  <div
    className=""
    data-baseweb="flex-grid-item"
  >
    <div
      className=""
      testid="loader"
    />
  </div>
  <div
    className=""
    data-baseweb="flex-grid-item"
  >
    <div
      className=""
      testid="loader"
    />
  </div>
  <div
    className=""
    data-baseweb="flex-grid-item"
  >
    <div
      className=""
      testid="loader"
    />
  </div>
  <div
    className=""
    data-baseweb="flex-grid-item"
  >
    <div
      className=""
      testid="loader"
    />
  </div>
  <div
    className=""
    data-baseweb="flex-grid-item"
  >
    <div
      className=""
      testid="loader"
    />
  </div>
  <div
    className=""
    data-baseweb="flex-grid-item"
  >
    <div
      className=""
      testid="loader"
    />
  </div>
  <div
    className=""
    data-baseweb="flex-grid-item"
  >
    <div
      className=""
      testid="loader"
    />
  </div>
  <div
    className=""
    data-baseweb="flex-grid-item"
  >
    <div
      className=""
      testid="loader"
    />
  </div>
  <div
    className=""
    data-baseweb="flex-grid-item"
  >
    <div
      className=""
      testid="loader"
    />
  </div>
  <div
    className=""
    data-baseweb="flex-grid-item"
  >
    <div
      className=""
      testid="loader"
    />
  </div>
  <div
    className=""
    data-baseweb="flex-grid-item"
  >
    <div
      className=""
      testid="loader"
    />
  </div>
  <div
    className=""
    data-baseweb="flex-grid-item"
  >
    <div
      className=""
      testid="loader"
    />
  </div>
  <div
    className=""
    data-baseweb="flex-grid-item"
  >
    <div
      className=""
      testid="loader"
    />
  </div>
  <div
    className=""
    data-baseweb="flex-grid-item"
  >
    <div
      className=""
      testid="loader"
    />
  </div>
  <div
    className=""
    data-baseweb="flex-grid-item"
  >
    <div
      className=""
      testid="loader"
    />
  </div>
</div>
`;

exports[`ContentLoader should render number items by provided num 1`] = `
<div
  className="loader "
  data-baseweb="flex-grid"
  data-testid="loader"
>
  <div
    className=""
    data-baseweb="flex-grid-item"
  >
    <div
      className=""
      testid="loader"
    />
  </div>
  <div
    className=""
    data-baseweb="flex-grid-item"
  >
    <div
      className=""
      testid="loader"
    />
  </div>
  <div
    className=""
    data-baseweb="flex-grid-item"
  >
    <div
      className=""
      testid="loader"
    />
  </div>
  <div
    className=""
    data-baseweb="flex-grid-item"
  >
    <div
      className=""
      testid="loader"
    />
  </div>
  <div
    className=""
    data-baseweb="flex-grid-item"
  >
    <div
      className=""
      testid="loader"
    />
  </div>
  <div
    className=""
    data-baseweb="flex-grid-item"
  >
    <div
      className=""
      testid="loader"
    />
  </div>
  <div
    className=""
    data-baseweb="flex-grid-item"
  >
    <div
      className=""
      testid="loader"
    />
  </div>
  <div
    className=""
    data-baseweb="flex-grid-item"
  >
    <div
      className=""
      testid="loader"
    />
  </div>
  <div
    className=""
    data-baseweb="flex-grid-item"
  >
    <div
      className=""
      testid="loader"
    />
  </div>
  <div
    className=""
    data-baseweb="flex-grid-item"
  >
    <div
      className=""
      testid="loader"
    />
  </div>
  <div
    className=""
    data-baseweb="flex-grid-item"
  >
    <div
      className=""
      testid="loader"
    />
  </div>
  <div
    className=""
    data-baseweb="flex-grid-item"
  >
    <div
      className=""
      testid="loader"
    />
  </div>
  <div
    className=""
    data-baseweb="flex-grid-item"
  >
    <div
      className=""
      testid="loader"
    />
  </div>
  <div
    className=""
    data-baseweb="flex-grid-item"
  >
    <div
      className=""
      testid="loader"
    />
  </div>
  <div
    className=""
    data-baseweb="flex-grid-item"
  >
    <div
      className=""
      testid="loader"
    />
  </div>
</div>
`;

exports[`ContentLoader should render number items by w 1`] = `
<div
  className="loader "
  data-baseweb="flex-grid"
  data-testid="loader"
>
  <div
    className=""
    data-baseweb="flex-grid-item"
  >
    <div
      className=""
      testid="loader"
    />
  </div>
  <div
    className=""
    data-baseweb="flex-grid-item"
  >
    <div
      className=""
      testid="loader"
    />
  </div>
  <div
    className=""
    data-baseweb="flex-grid-item"
  >
    <div
      className=""
      testid="loader"
    />
  </div>
  <div
    className=""
    data-baseweb="flex-grid-item"
  >
    <div
      className=""
      testid="loader"
    />
  </div>
  <div
    className=""
    data-baseweb="flex-grid-item"
  >
    <div
      className=""
      testid="loader"
    />
  </div>
  <div
    className=""
    data-baseweb="flex-grid-item"
  >
    <div
      className=""
      testid="loader"
    />
  </div>
  <div
    className=""
    data-baseweb="flex-grid-item"
  >
    <div
      className=""
      testid="loader"
    />
  </div>
  <div
    className=""
    data-baseweb="flex-grid-item"
  >
    <div
      className=""
      testid="loader"
    />
  </div>
  <div
    className=""
    data-baseweb="flex-grid-item"
  >
    <div
      className=""
      testid="loader"
    />
  </div>
  <div
    className=""
    data-baseweb="flex-grid-item"
  >
    <div
      className=""
      testid="loader"
    />
  </div>
  <div
    className=""
    data-baseweb="flex-grid-item"
  >
    <div
      className=""
      testid="loader"
    />
  </div>
  <div
    className=""
    data-baseweb="flex-grid-item"
  >
    <div
      className=""
      testid="loader"
    />
  </div>
  <div
    className=""
    data-baseweb="flex-grid-item"
  >
    <div
      className=""
      testid="loader"
    />
  </div>
  <div
    className=""
    data-baseweb="flex-grid-item"
  >
    <div
      className=""
      testid="loader"
    />
  </div>
  <div
    className=""
    data-baseweb="flex-grid-item"
  >
    <div
      className=""
      testid="loader"
    />
  </div>
</div>
`;

exports[`ContentLoader should render without crushing 1`] = `
<div
  className="loader "
  data-baseweb="flex-grid"
  data-testid="loader"
>
  <div
    className=""
    data-baseweb="flex-grid-item"
  >
    <div
      className=""
      testid="loader"
    />
  </div>
  <div
    className=""
    data-baseweb="flex-grid-item"
  >
    <div
      className=""
      testid="loader"
    />
  </div>
  <div
    className=""
    data-baseweb="flex-grid-item"
  >
    <div
      className=""
      testid="loader"
    />
  </div>
  <div
    className=""
    data-baseweb="flex-grid-item"
  >
    <div
      className=""
      testid="loader"
    />
  </div>
  <div
    className=""
    data-baseweb="flex-grid-item"
  >
    <div
      className=""
      testid="loader"
    />
  </div>
  <div
    className=""
    data-baseweb="flex-grid-item"
  >
    <div
      className=""
      testid="loader"
    />
  </div>
  <div
    className=""
    data-baseweb="flex-grid-item"
  >
    <div
      className=""
      testid="loader"
    />
  </div>
  <div
    className=""
    data-baseweb="flex-grid-item"
  >
    <div
      className=""
      testid="loader"
    />
  </div>
  <div
    className=""
    data-baseweb="flex-grid-item"
  >
    <div
      className=""
      testid="loader"
    />
  </div>
  <div
    className=""
    data-baseweb="flex-grid-item"
  >
    <div
      className=""
      testid="loader"
    />
  </div>
  <div
    className=""
    data-baseweb="flex-grid-item"
  >
    <div
      className=""
      testid="loader"
    />
  </div>
  <div
    className=""
    data-baseweb="flex-grid-item"
  >
    <div
      className=""
      testid="loader"
    />
  </div>
  <div
    className=""
    data-baseweb="flex-grid-item"
  >
    <div
      className=""
      testid="loader"
    />
  </div>
  <div
    className=""
    data-baseweb="flex-grid-item"
  >
    <div
      className=""
      testid="loader"
    />
  </div>
  <div
    className=""
    data-baseweb="flex-grid-item"
  >
    <div
      className=""
      testid="loader"
    />
  </div>
</div>
`;

exports[`ContentLoader should render without crushing 2`] = `
<div
  className="loader "
  data-baseweb="flex-grid"
  data-testid="loader"
>
  <div
    className=""
    data-baseweb="flex-grid-item"
  >
    <div
      className=""
      testid="loader"
    />
  </div>
  <div
    className=""
    data-baseweb="flex-grid-item"
  >
    <div
      className=""
      testid="loader"
    />
  </div>
  <div
    className=""
    data-baseweb="flex-grid-item"
  >
    <div
      className=""
      testid="loader"
    />
  </div>
  <div
    className=""
    data-baseweb="flex-grid-item"
  >
    <div
      className=""
      testid="loader"
    />
  </div>
  <div
    className=""
    data-baseweb="flex-grid-item"
  >
    <div
      className=""
      testid="loader"
    />
  </div>
  <div
    className=""
    data-baseweb="flex-grid-item"
  >
    <div
      className=""
      testid="loader"
    />
  </div>
  <div
    className=""
    data-baseweb="flex-grid-item"
  >
    <div
      className=""
      testid="loader"
    />
  </div>
  <div
    className=""
    data-baseweb="flex-grid-item"
  >
    <div
      className=""
      testid="loader"
    />
  </div>
  <div
    className=""
    data-baseweb="flex-grid-item"
  >
    <div
      className=""
      testid="loader"
    />
  </div>
  <div
    className=""
    data-baseweb="flex-grid-item"
  >
    <div
      className=""
      testid="loader"
    />
  </div>
  <div
    className=""
    data-baseweb="flex-grid-item"
  >
    <div
      className=""
      testid="loader"
    />
  </div>
  <div
    className=""
    data-baseweb="flex-grid-item"
  >
    <div
      className=""
      testid="loader"
    />
  </div>
  <div
    className=""
    data-baseweb="flex-grid-item"
  >
    <div
      className=""
      testid="loader"
    />
  </div>
  <div
    className=""
    data-baseweb="flex-grid-item"
  >
    <div
      className=""
      testid="loader"
    />
  </div>
  <div
    className=""
    data-baseweb="flex-grid-item"
  >
    <div
      className=""
      testid="loader"
    />
  </div>
</div>
`;
